
> nfc-walk-race@0.1.0 build
> next build

▲ Next.js 16.3.4 (Turbopack)
- Environments: .env.local
✓ Running next.config.ts took 10ms

  Creating an optimized production build ...
✓ Compiled successfully in 450ms
  Running TypeScript ...
  Finished TypeScript in 595ms ...
  Collecting page data using 13 workers ...
  Generating static pages using 13 workers (0/19) ...
  Generating static pages using 13 workers (4/19) 
  Generating static pages using 13 workers (9/19) 
  Generating static pages using 13 workers (14/19) 
✓ Generating static pages using 13 workers (19/19) in 89ms
  Finalizing page optimization ...

Route (app)
┌ ○ /
├ ○ /_not-found
├ ○ /admin
├ ○ /admin/login
├ ƒ /admin/sessions/[id]
├ ƒ /admin/sessions/[id]/ceremony
├ ƒ /api/admin/login
├ ƒ /api/admin/logout
├ ƒ /api/admin/realtime-token
├ ƒ /api/admin/sdm-key
├ ƒ /api/admin/sessions
├ ƒ /api/admin/sessions/[id]
├ ƒ /api/admin/sessions/[id]/announcements
├ ƒ /api/admin/sessions/[id]/tags
├ ƒ /api/admin/sessions/[id]/tags/[tagId]
├ ƒ /api/admin/sessions/[id]/tags/[tagId]/sun
├ ƒ /api/admin/sun/inspect
├ ƒ /api/join
├ ƒ /api/logout
├ ƒ /api/me
├ ƒ /api/tag
├ ƒ /api/teams
├ ƒ /api/teams/join
├ ƒ /join/[code]
├ ○ /race
└ ƒ /t/[token]


ƒ Proxy (Middleware)

○  (Static)   prerendered as static content
ƒ  (Dynamic)  server-rendered on demand

BUILD_EXIT=0
